// Jest Snapshot v1, https://goo.gl/fbAQLP

exports[`should render Expenselist with empty message 1`] = `
<div>
  <p>
    No expenses 
  </p>
</div>
`;

exports[`should render Expenselist with expenses 1`] = `
<div>
  <ExpenseListItem
    amount={183}
    createdAt={0}
    description="Gum"
    id="1"
    key="1"
    note=""
  />
  <ExpenseListItem
    amount={135383}
    createdAt={-345600000}
    description="flag"
    id="2"
    key="2"
    note=""
  />
  <ExpenseListItem
    amount={200300}
    createdAt={345600000}
    description="Razor"
    id="3"
    key="3"
    note=""
  />
</div>
`;
