// Jest Snapshot v1, https://goo.gl/fbAQLP

exports[`should render expenses if recieved 1`] = `
<div>
  <Link
    replace={false}
    to="/edit/1"
  >
    <h3>
      Gum
    </h3>
  </Link>
  <span>
    $1.83
    -
    Jan 1st, 1970
  </span>
</div>
`;
